// Jest Snapshot v1, https://goo.gl/fbAQLP

exports[`components/channel_list/categories/header should match snapshot 1`] = `null`;
