// Jest Snapshot v1, https://goo.gl/fbAQLP

exports[`components/channel_list/categories/body/channel/item should match snapshot 1`] = `null`;
